// Jest Snapshot v1, https://goo.gl/fbAQLP

exports[`Test Nav component should render Nav component 1`] = `
<div
  className="nav "
>
  <select
    className="lang lang--list"
    onChange={[Function]}
  >
    <option>
      Choose language.1
    </option>
    <option
      value="ki"
    >
      ikinyarwanda 
    </option>
    <option
      value="en"
    >
      english
    </option>
    <option
      value="fr"
    >
      fran√ßais
    </option>
  </select>
  <a
    href="/"
    onClick={[Function]}
  >
    <h3
      className="text-center pt-2 li"
    >
      <img
        className="logo_Auth"
        src=""
      />
    </h3>
  </a>
  <ul
    className="nav-link"
  >
    <a
      href="/login"
      onClick={[Function]}
    >
      <li
        className="li"
      >
        Login.1
      </li>
    </a>
    <a
      href="/signup"
      onClick={[Function]}
    >
      <li
        className="li"
      >
        Sign up.1
      </li>
    </a>
  </ul>
</div>
`;
