// Jest Snapshot v1, https://goo.gl/fbAQLP

exports[`Testing Header component matches the snapshot 1`] = `
<div>
  <h1
    className="box position__center"
    data-testid="header"
  >
    Barefoot Nomad
  </h1>
</div>
`;
