// Jest Snapshot v1, https://goo.gl/fbAQLP

exports[`Test the submit button  matches snapshot 1`] = `
<button
  className="btn btn-primary"
  data-testid="button"
  disabled={false}
  id="button"
  label="log in"
  type="button"
>
  log in
</button>
`;
