// Jest Snapshot v1, https://goo.gl/fbAQLP

exports[`Test the Textbox  matches snapshot 1`] = `
<div
  className="form-group"
>
  <input
    className="form-control"
    id="button"
    onChange={[Function]}
    placeholder="email"
  />
  <div
    className="invalid-feedback"
  />
</div>
`;
